Input file: test.ss
   1: ; This is a very small test file
   2: 
   3: (define (main)
   4: 	(display (car '(a b (car ls))))
   5: 	(newline)
   6: )
Error at 6,2: Unexpected token; )
Error at 6,2: Expecting a quote or a number; )
Error at 6,2: Expected right parenthesis or an identifier; )
Error at 6,2: Expected right parenthesis or an identifier; )
Error at 6,2: Expected right parenthesis or an identifier; )
Error at 6,2: Expected left or right parenthesis, number, quote, or an identifier; )
Error at 6,2: Expected left or right parenthesis, number, quote, or an identifier; )
Error at 6,2: Expected right parenthesis or an identifier; )
Error at 6,2: Expected right parenthesis or an identifier; )
Error at 6,2: Expected right parenthesis or an identifier; )
Error at 6,2: Expected right parenthesis or an identifier; )
Error at 6,2: Expected right parenthesis or an identifier; )
Error at 6,2: Expected right parenthesis or an identifier; )
Error at 6,2: Expected right parenthesis or an identifier; )
Error at 6,2: Expected right parenthesis or an identifier; )
Error at 6,2: Expected left or right parenthesis, number, quote, or an identifier; )
Error at 6,2: Expected right parenthesis or an identifier; )
Error at 6,2: Expected right parenthesis or an identifier; )
Error at 6,2: Expected left or right parenthesis, number, quote, or an identifier; )
Error at 6,2: Expected right parenthesis or an identifier; )
Error at 6,2: Expected left or right parenthesis, number, quote, or an identifier; )
Error at 6,2: Expected left or right parenthesis, number, quote, or an identifier; )
Error at 6,2: Expected left or right parenthesis, number, quote, or an identifier; )
Error at 6,2: Expected left or right parenthesis, number, quote, or an identifier; )
Error at 6,2: Expected left or right parenthesis, number, quote, or an identifier; )
Error at 6,2: Expected left or right parenthesis, number, quote, or an identifier; )
Error at 6,2: Expected left or right parenthesis, number, quote, or an identifier; )
Error at 6,2: Expecting a quote or a number; )
Error at 6,2: Expecting a quote or a number; )
Error at 6,2: Expected right parenthesis or an identifier; )
Error at 6,2: Expected right parenthesis or an identifier; )
Error at 6,2: Expected left or right parenthesis, number, quote, or an identifier; )
Error at 6,2: Expected right parenthesis or an identifier; )
Error at 6,2: Expected left or right parenthesis, number, quote, or an identifier; )
Error at 6,2: Expected left or right parenthesis, number, quote, or an identifier; )
Error at 6,2: Expected left or right parenthesis, number, quote, or an identifier; )
Error at 6,2: Expected left or right parenthesis, number, quote, or an identifier; )
Error at 6,2: Expected left or right parenthesis, number, quote, or an identifier; )
Error at 6,2: Expected left or right parenthesis, number, quote, or an identifier; )
Error at 6,2: Expected left or right parenthesis, number, quote, or an identifier; )
Error at 6,2: Expecting a quote or a number; )
Error at 6,2: Expecting a quote or a number; )
Error at 6,2: Expected right parenthesis or an identifier; )
Error at 6,2: Expected left or right parenthesis, number, quote, or an identifier; )
Error at 6,2: Expected right parenthesis; )
Error at 6,2: Exptected LPAREN_T in define's follow set; )
46 errors found in input file
